
Trying gemini-1.5-flash...
node : FAILED with gemini-1.5-flash: 
[GoogleGenerativeAI Error]: Error 
fetching from https://generativelangua
ge.googleapis.com/v1beta/mod...
At line:1 char:1
+ node scripts/test-model.js > 
test-output.txt 2>&1
+ ~~~~~~~~~~~~~~~~~~~~~~~~~~~~~~~~~~~~
~~~~~~~~~~~~~
    + CategoryInfo          : NotSpec 
   ified: (FAILED with gem...m/v1bet  
  a/mod...:String) [], RemoteExcept   
 ion
    + FullyQualifiedErrorId : NativeC 
   ommandError
 

Trying gemini-1.5-flash-latest...
FAILED with gemini-1.5-flash-latest: 
[GoogleGenerativeAI Error]: Error 
fetching from https://generativelangua
ge.googleapis.com/v1beta/mod...

Trying gemini-pro...
FAILED with gemini-pro: 
[GoogleGenerativeAI Error]: Error 
fetching from https://generativelangua
ge.googleapis.com/v1beta/mod...

Trying gemini-1.0-pro...
FAILED with gemini-1.0-pro: 
[GoogleGenerativeAI Error]: Error 
fetching from https://generativelangua
ge.googleapis.com/v1beta/mod...
